Archive member included because of file (symbol)

c:/winavr-20100110/bin/../lib/gcc/avr/4.3.3/avr5\libgcc.a(_udivmodhi4.o)
                              ./MCAL/timer0_pwm/timer0_pwm.o (__udivmodhi4)
c:/winavr-20100110/bin/../lib/gcc/avr/4.3.3/avr5\libgcc.a(_udivmodsi4.o)
                              ./MCAL/USART/uart.o (__udivmodsi4)
c:/winavr-20100110/bin/../lib/gcc/avr/4.3.3/avr5\libgcc.a(_exit.o)
                              c:/winavr-20100110/bin/../lib/gcc/avr/4.3.3/../../../../avr/lib/avr5/crtm32.o (exit)
c:/winavr-20100110/bin/../lib/gcc/avr/4.3.3/avr5\libgcc.a(_copy_data.o)
                              ./HAL/Buzzer/buzzer.o (__do_copy_data)
c:/winavr-20100110/bin/../lib/gcc/avr/4.3.3/avr5\libgcc.a(_clear_bss.o)
                              ./MCAL/timers/timer.o (__do_clear_bss)
c:/winavr-20100110/bin/../lib/gcc/avr/4.3.3/../../../../avr/lib/avr5\libc.a(strcmp.o)
                              ./app.o (strcmp)

Allocating common symbols
Common symbol       size              file

requiredTicks       0x1               ./HAL/Buzzer/buzzer.o
ticks               0x1               ./HAL/Buzzer/buzzer.o
statusOfTheDoor     0x1               ./APP/app_functions.o

Memory Configuration

Name             Origin             Length             Attributes
text             0x00000000         0x00020000         xr
data             0x00800060         0x0000ffa0         rw !x
eeprom           0x00810000         0x00010000         rw !x
fuse             0x00820000         0x00000400         rw !x
lock             0x00830000         0x00000400         rw !x
signature        0x00840000         0x00000400         rw !x
*default*        0x00000000         0xffffffff

Linker script and memory map

LOAD c:/winavr-20100110/bin/../lib/gcc/avr/4.3.3/../../../../avr/lib/avr5/crtm32.o
LOAD ./MCAL/timers/timer.o
LOAD ./MCAL/timer0_pwm/timer0_pwm.o
LOAD ./MCAL/USART/uart.o
LOAD ./MCAL/TWI/twi.o
LOAD ./MCAL/GPIO/GPIO.o
LOAD ./HAL/motor/motor.o
LOAD ./HAL/EEPROM/external_eeprom.o
LOAD ./HAL/Buzzer/buzzer.o
LOAD ./APP/app_functions.o
LOAD ./app.o
LOAD c:/winavr-20100110/bin/../lib/gcc/avr/4.3.3/avr5\libgcc.a
LOAD c:/winavr-20100110/bin/../lib/gcc/avr/4.3.3/../../../../avr/lib/avr5\libc.a
LOAD c:/winavr-20100110/bin/../lib/gcc/avr/4.3.3/avr5\libgcc.a

.hash
 *(.hash)

.dynsym
 *(.dynsym)

.dynstr
 *(.dynstr)

.gnu.version
 *(.gnu.version)

.gnu.version_d
 *(.gnu.version_d)

.gnu.version_r
 *(.gnu.version_r)

.rel.init
 *(.rel.init)

.rela.init
 *(.rela.init)

.rel.text
 *(.rel.text)
 *(.rel.text.*)
 *(.rel.gnu.linkonce.t*)

.rela.text
 *(.rela.text)
 *(.rela.text.*)
 *(.rela.gnu.linkonce.t*)

.rel.fini
 *(.rel.fini)

.rela.fini
 *(.rela.fini)

.rel.rodata
 *(.rel.rodata)
 *(.rel.rodata.*)
 *(.rel.gnu.linkonce.r*)

.rela.rodata
 *(.rela.rodata)
 *(.rela.rodata.*)
 *(.rela.gnu.linkonce.r*)

.rel.data
 *(.rel.data)
 *(.rel.data.*)
 *(.rel.gnu.linkonce.d*)

.rela.data
 *(.rela.data)
 *(.rela.data.*)
 *(.rela.gnu.linkonce.d*)

.rel.ctors
 *(.rel.ctors)

.rela.ctors
 *(.rela.ctors)

.rel.dtors
 *(.rel.dtors)

.rela.dtors
 *(.rela.dtors)

.rel.got
 *(.rel.got)

.rela.got
 *(.rela.got)

.rel.bss
 *(.rel.bss)

.rela.bss
 *(.rela.bss)

.rel.plt
 *(.rel.plt)

.rela.plt
 *(.rela.plt)

.text           0x00000000     0x1098
 *(.vectors)
 .vectors       0x00000000       0x54 c:/winavr-20100110/bin/../lib/gcc/avr/4.3.3/../../../../avr/lib/avr5/crtm32.o
                0x00000000                __vectors
                0x00000000                __vector_default
 *(.vectors)
 *(.progmem.gcc*)
 *(.progmem*)
                0x00000054                . = ALIGN (0x2)
                0x00000054                __trampolines_start = .
 *(.trampolines)
 .trampolines   0x00000054        0x0 linker stubs
 *(.trampolines*)
                0x00000054                __trampolines_end = .
 *(.jumptables)
 *(.jumptables*)
 *(.lowtext)
 *(.lowtext*)
                0x00000054                __ctors_start = .
 *(.ctors)
                0x00000054                __ctors_end = .
                0x00000054                __dtors_start = .
 *(.dtors)
                0x00000054                __dtors_end = .
 SORT(*)(.ctors)
 SORT(*)(.dtors)
 *(.init0)
 .init0         0x00000054        0x0 c:/winavr-20100110/bin/../lib/gcc/avr/4.3.3/../../../../avr/lib/avr5/crtm32.o
                0x00000054                __init
 *(.init0)
 *(.init1)
 *(.init1)
 *(.init2)
 .init2         0x00000054        0xc c:/winavr-20100110/bin/../lib/gcc/avr/4.3.3/../../../../avr/lib/avr5/crtm32.o
 *(.init2)
 *(.init3)
 *(.init3)
 *(.init4)
 .init4         0x00000060       0x16 c:/winavr-20100110/bin/../lib/gcc/avr/4.3.3/avr5\libgcc.a(_copy_data.o)
                0x00000060                __do_copy_data
 .init4         0x00000076       0x10 c:/winavr-20100110/bin/../lib/gcc/avr/4.3.3/avr5\libgcc.a(_clear_bss.o)
                0x00000076                __do_clear_bss
 *(.init4)
 *(.init5)
 *(.init5)
 *(.init6)
 *(.init6)
 *(.init7)
 *(.init7)
 *(.init8)
 *(.init8)
 *(.init9)
 .init9         0x00000086        0x8 c:/winavr-20100110/bin/../lib/gcc/avr/4.3.3/../../../../avr/lib/avr5/crtm32.o
 *(.init9)
 *(.text)
 .text          0x0000008e        0x4 c:/winavr-20100110/bin/../lib/gcc/avr/4.3.3/../../../../avr/lib/avr5/crtm32.o
                0x0000008e                __vector_1
                0x0000008e                __vector_12
                0x0000008e                __bad_interrupt
                0x0000008e                __vector_6
                0x0000008e                __vector_3
                0x0000008e                __vector_11
                0x0000008e                __vector_13
                0x0000008e                __vector_17
                0x0000008e                __vector_19
                0x0000008e                __vector_5
                0x0000008e                __vector_4
                0x0000008e                __vector_2
                0x0000008e                __vector_15
                0x0000008e                __vector_8
                0x0000008e                __vector_14
                0x0000008e                __vector_10
                0x0000008e                __vector_16
                0x0000008e                __vector_18
                0x0000008e                __vector_20
 .text          0x00000092        0x0 ./MCAL/timers/timer.o
 .text          0x00000092        0x0 ./MCAL/timer0_pwm/timer0_pwm.o
 .text          0x00000092        0x0 ./MCAL/USART/uart.o
 .text          0x00000092        0x0 ./MCAL/TWI/twi.o
 .text          0x00000092        0x0 ./MCAL/GPIO/GPIO.o
 .text          0x00000092        0x0 ./HAL/motor/motor.o
 .text          0x00000092        0x0 ./HAL/EEPROM/external_eeprom.o
 .text          0x00000092        0x0 ./HAL/Buzzer/buzzer.o
 .text          0x00000092        0x0 ./APP/app_functions.o
 .text          0x00000092        0x0 ./app.o
 .text          0x00000092        0x0 c:/winavr-20100110/bin/../lib/gcc/avr/4.3.3/avr5\libgcc.a(_udivmodhi4.o)
 .text          0x00000092        0x0 c:/winavr-20100110/bin/../lib/gcc/avr/4.3.3/avr5\libgcc.a(_udivmodsi4.o)
 .text          0x00000092        0x0 c:/winavr-20100110/bin/../lib/gcc/avr/4.3.3/avr5\libgcc.a(_exit.o)
 .text          0x00000092        0x0 c:/winavr-20100110/bin/../lib/gcc/avr/4.3.3/avr5\libgcc.a(_copy_data.o)
 .text          0x00000092        0x0 c:/winavr-20100110/bin/../lib/gcc/avr/4.3.3/avr5\libgcc.a(_clear_bss.o)
 .text          0x00000092        0x0 c:/winavr-20100110/bin/../lib/gcc/avr/4.3.3/../../../../avr/lib/avr5\libc.a(strcmp.o)
                0x00000092                . = ALIGN (0x2)
 *(.text.*)
 .text.Timer1_init
                0x00000092       0xb2 ./MCAL/timers/timer.o
                0x00000092                Timer1_init
 .text.Timer1_deInit
                0x00000144       0x38 ./MCAL/timers/timer.o
                0x00000144                Timer1_deInit
 .text.Timer1_setCallBack
                0x0000017c       0x24 ./MCAL/timers/timer.o
                0x0000017c                Timer1_setCallBack
 .text.__vector_7
                0x000001a0       0x5a ./MCAL/timers/timer.o
                0x000001a0                __vector_7
 .text.__vector_9
                0x000001fa       0x5a ./MCAL/timers/timer.o
                0x000001fa                __vector_9
 .text.PWM_Timer0_Start
                0x00000254       0x90 ./MCAL/timer0_pwm/timer0_pwm.o
                0x00000254                PWM_Timer0_Start
 .text.UART_init
                0x000002e4       0x98 ./MCAL/USART/uart.o
                0x000002e4                UART_init
 .text.UART_sendByte
                0x0000037c       0x2e ./MCAL/USART/uart.o
                0x0000037c                UART_sendByte
 .text.UART_recieveByte
                0x000003aa       0x1e ./MCAL/USART/uart.o
                0x000003aa                UART_recieveByte
 .text.UART_sendString
                0x000003c8       0x52 ./MCAL/USART/uart.o
                0x000003c8                UART_sendString
 .text.UART_receiveString
                0x0000041a       0x86 ./MCAL/USART/uart.o
                0x0000041a                UART_receiveString
 .text.TWI_init
                0x000004a0       0x2c ./MCAL/TWI/twi.o
                0x000004a0                TWI_init
 .text.TWI_start
                0x000004cc       0x20 ./MCAL/TWI/twi.o
                0x000004cc                TWI_start
 .text.TWI_stop
                0x000004ec       0x16 ./MCAL/TWI/twi.o
                0x000004ec                TWI_stop
 .text.TWI_writeByte
                0x00000502       0x2e ./MCAL/TWI/twi.o
                0x00000502                TWI_writeByte
 .text.TWI_readByteWithACK
                0x00000530       0x26 ./MCAL/TWI/twi.o
                0x00000530                TWI_readByteWithACK
 .text.TWI_readByteWithNACK
                0x00000556       0x26 ./MCAL/TWI/twi.o
                0x00000556                TWI_readByteWithNACK
 .text.TWI_getStatus
                0x0000057c       0x1e ./MCAL/TWI/twi.o
                0x0000057c                TWI_getStatus
 .text.GPIO_setupPinDirection
                0x0000059a       0xe6 ./MCAL/GPIO/GPIO.o
                0x0000059a                GPIO_setupPinDirection
 .text.GPIO_setupPortDirection
                0x00000680       0x90 ./MCAL/GPIO/GPIO.o
                0x00000680                GPIO_setupPortDirection
 .text.GPIO_readPin
                0x00000710       0xc2 ./MCAL/GPIO/GPIO.o
                0x00000710                GPIO_readPin
 .text.GPIO_writePin
                0x000007d2       0xe6 ./MCAL/GPIO/GPIO.o
                0x000007d2                GPIO_writePin
 .text.GPIO_readPort
                0x000008b8       0x8a ./MCAL/GPIO/GPIO.o
                0x000008b8                GPIO_readPort
 .text.GPIO_writePort
                0x00000942       0x90 ./MCAL/GPIO/GPIO.o
                0x00000942                GPIO_writePort
 .text.DcMotor_Init
                0x000009d2       0x36 ./HAL/motor/motor.o
                0x000009d2                DcMotor_Init
 .text.DcMotor_Rotate
                0x00000a08       0x8e ./HAL/motor/motor.o
                0x00000a08                DcMotor_Rotate
 .text.EEPROM_writeByte
                0x00000a96       0x82 ./HAL/EEPROM/external_eeprom.o
                0x00000a96                EEPROM_writeByte
 .text.EEPROM_readByte
                0x00000b18       0xc0 ./HAL/EEPROM/external_eeprom.o
                0x00000b18                EEPROM_readByte
 .text.EEPROM_writeString
                0x00000bd8       0x7a ./HAL/EEPROM/external_eeprom.o
                0x00000bd8                EEPROM_writeString
 .text.EEPROM_readString
                0x00000c52       0x76 ./HAL/EEPROM/external_eeprom.o
                0x00000c52                EEPROM_readString
 .text.BUZZER_init
                0x00000cc8       0x18 ./HAL/Buzzer/buzzer.o
                0x00000cc8                BUZZER_init
 .text.BUZZER_enable
                0x00000ce0       0x98 ./HAL/Buzzer/buzzer.o
                0x00000ce0                BUZZER_enable
 .text.BUZZER_disable
                0x00000d78       0x34 ./HAL/Buzzer/buzzer.o
                0x00000d78                BUZZER_disable
 .text.openTheDoor
                0x00000dac       0x8e ./APP/app_functions.o
                0x00000dac                openTheDoor
 .text.closeTheDoor
                0x00000e3a       0x9c ./APP/app_functions.o
                0x00000e3a                closeTheDoor
 .text.main     0x00000ed6      0x140 ./app.o
                0x00000ed6                main
 .text.libgcc   0x00001016       0x28 c:/winavr-20100110/bin/../lib/gcc/avr/4.3.3/avr5\libgcc.a(_udivmodhi4.o)
                0x00001016                __udivmodhi4
 .text.libgcc   0x0000103e       0x44 c:/winavr-20100110/bin/../lib/gcc/avr/4.3.3/avr5\libgcc.a(_udivmodsi4.o)
                0x0000103e                __udivmodsi4
 .text.libgcc   0x00001082        0x0 c:/winavr-20100110/bin/../lib/gcc/avr/4.3.3/avr5\libgcc.a(_exit.o)
 .text.libgcc   0x00001082        0x0 c:/winavr-20100110/bin/../lib/gcc/avr/4.3.3/avr5\libgcc.a(_copy_data.o)
 .text.libgcc   0x00001082        0x0 c:/winavr-20100110/bin/../lib/gcc/avr/4.3.3/avr5\libgcc.a(_clear_bss.o)
 .text.avr-libc
                0x00001082       0x12 c:/winavr-20100110/bin/../lib/gcc/avr/4.3.3/../../../../avr/lib/avr5\libc.a(strcmp.o)
                0x00001082                strcmp
                0x00001094                . = ALIGN (0x2)
 *(.fini9)
 .fini9         0x00001094        0x0 c:/winavr-20100110/bin/../lib/gcc/avr/4.3.3/avr5\libgcc.a(_exit.o)
                0x00001094                exit
                0x00001094                _exit
 *(.fini9)
 *(.fini8)
 *(.fini8)
 *(.fini7)
 *(.fini7)
 *(.fini6)
 *(.fini6)
 *(.fini5)
 *(.fini5)
 *(.fini4)
 *(.fini4)
 *(.fini3)
 *(.fini3)
 *(.fini2)
 *(.fini2)
 *(.fini1)
 *(.fini1)
 *(.fini0)
 .fini0         0x00001094        0x4 c:/winavr-20100110/bin/../lib/gcc/avr/4.3.3/avr5\libgcc.a(_exit.o)
 *(.fini0)
                0x00001098                _etext = .

.data           0x00800060        0xc load address 0x00001098
                0x00800060                PROVIDE (__data_start, .)
 *(.data)
 .data          0x00800060        0x0 c:/winavr-20100110/bin/../lib/gcc/avr/4.3.3/../../../../avr/lib/avr5/crtm32.o
 .data          0x00800060        0x0 ./MCAL/timers/timer.o
 .data          0x00800060        0x0 ./MCAL/timer0_pwm/timer0_pwm.o
 .data          0x00800060        0x0 ./MCAL/USART/uart.o
 .data          0x00800060        0x0 ./MCAL/TWI/twi.o
 .data          0x00800060        0x0 ./MCAL/GPIO/GPIO.o
 .data          0x00800060        0x0 ./HAL/motor/motor.o
 .data          0x00800060        0x0 ./HAL/EEPROM/external_eeprom.o
 .data          0x00800060        0x0 ./HAL/Buzzer/buzzer.o
 .data          0x00800060        0x0 ./APP/app_functions.o
 .data          0x00800060        0x0 ./app.o
 .data          0x00800060        0x0 c:/winavr-20100110/bin/../lib/gcc/avr/4.3.3/avr5\libgcc.a(_udivmodhi4.o)
 .data          0x00800060        0x0 c:/winavr-20100110/bin/../lib/gcc/avr/4.3.3/avr5\libgcc.a(_udivmodsi4.o)
 .data          0x00800060        0x0 c:/winavr-20100110/bin/../lib/gcc/avr/4.3.3/avr5\libgcc.a(_exit.o)
 .data          0x00800060        0x0 c:/winavr-20100110/bin/../lib/gcc/avr/4.3.3/avr5\libgcc.a(_copy_data.o)
 .data          0x00800060        0x0 c:/winavr-20100110/bin/../lib/gcc/avr/4.3.3/avr5\libgcc.a(_clear_bss.o)
 .data          0x00800060        0x0 c:/winavr-20100110/bin/../lib/gcc/avr/4.3.3/../../../../avr/lib/avr5\libc.a(strcmp.o)
 *(.data*)
 *(.rodata)
 *(.rodata*)
 .rodata.C.0.1273
                0x00800060        0x6 ./HAL/Buzzer/buzzer.o
 .rodata.C.0.1244
                0x00800066        0x6 ./APP/app_functions.o
 *(.gnu.linkonce.d*)
                0x0080006c                . = ALIGN (0x2)
                0x0080006c                _edata = .
                0x0080006c                PROVIDE (__data_end, .)

.bss            0x0080006c        0x8
                0x0080006c                PROVIDE (__bss_start, .)
 *(.bss)
 .bss           0x0080006c        0x0 c:/winavr-20100110/bin/../lib/gcc/avr/4.3.3/../../../../avr/lib/avr5/crtm32.o
 .bss           0x0080006c        0x0 ./MCAL/timers/timer.o
 .bss           0x0080006c        0x0 ./MCAL/timer0_pwm/timer0_pwm.o
 .bss           0x0080006c        0x0 ./MCAL/USART/uart.o
 .bss           0x0080006c        0x0 ./MCAL/TWI/twi.o
 .bss           0x0080006c        0x0 ./MCAL/GPIO/GPIO.o
 .bss           0x0080006c        0x0 ./HAL/motor/motor.o
 .bss           0x0080006c        0x0 ./HAL/EEPROM/external_eeprom.o
 .bss           0x0080006c        0x0 ./HAL/Buzzer/buzzer.o
 .bss           0x0080006c        0x0 ./APP/app_functions.o
 .bss           0x0080006c        0x0 ./app.o
 .bss           0x0080006c        0x0 c:/winavr-20100110/bin/../lib/gcc/avr/4.3.3/avr5\libgcc.a(_udivmodhi4.o)
 .bss           0x0080006c        0x0 c:/winavr-20100110/bin/../lib/gcc/avr/4.3.3/avr5\libgcc.a(_udivmodsi4.o)
 .bss           0x0080006c        0x0 c:/winavr-20100110/bin/../lib/gcc/avr/4.3.3/avr5\libgcc.a(_exit.o)
 .bss           0x0080006c        0x0 c:/winavr-20100110/bin/../lib/gcc/avr/4.3.3/avr5\libgcc.a(_copy_data.o)
 .bss           0x0080006c        0x0 c:/winavr-20100110/bin/../lib/gcc/avr/4.3.3/avr5\libgcc.a(_clear_bss.o)
 .bss           0x0080006c        0x0 c:/winavr-20100110/bin/../lib/gcc/avr/4.3.3/../../../../avr/lib/avr5\libc.a(strcmp.o)
 *(.bss*)
 .bss.g_callBackPtr
                0x0080006c        0x2 ./MCAL/timers/timer.o
 .bss.ticks     0x0080006e        0x1 ./APP/app_functions.o
 .bss.requiredTicks
                0x0080006f        0x1 ./APP/app_functions.o
 .bss.g_u8_wrongAttmepts
                0x00800070        0x1 ./app.o
 *(COMMON)
 COMMON         0x00800071        0x2 ./HAL/Buzzer/buzzer.o
                0x00800071                requiredTicks
                0x00800072                ticks
 COMMON         0x00800073        0x1 ./APP/app_functions.o
                0x00800073                statusOfTheDoor
                0x00800074                PROVIDE (__bss_end, .)
                0x00001098                __data_load_start = LOADADDR (.data)
                0x000010a4                __data_load_end = (__data_load_start + SIZEOF (.data))

.noinit         0x00800074        0x0
                0x00800074                PROVIDE (__noinit_start, .)
 *(.noinit*)
                0x00800074                PROVIDE (__noinit_end, .)
                0x00800074                _end = .
                0x00800074                PROVIDE (__heap_start, .)

.eeprom         0x00810000        0x0
 *(.eeprom*)
                0x00810000                __eeprom_end = .

.fuse
 *(.fuse)
 *(.lfuse)
 *(.hfuse)
 *(.efuse)

.lock
 *(.lock*)

.signature
 *(.signature*)

.stab           0x00000000     0x285c
 *(.stab)
 .stab          0x00000000      0x540 ./MCAL/timers/timer.o
 .stab          0x00000540      0x2ac ./MCAL/timer0_pwm/timer0_pwm.o
                                0x468 (size before relaxing)
 .stab          0x000007ec      0x414 ./MCAL/USART/uart.o
                                0x5d0 (size before relaxing)
 .stab          0x00000c00      0x3cc ./MCAL/TWI/twi.o
                                0x588 (size before relaxing)
 .stab          0x00000fcc      0x654 ./MCAL/GPIO/GPIO.o
                                0x810 (size before relaxing)
 .stab          0x00001620      0x30c ./HAL/motor/motor.o
                                0x318 (size before relaxing)
 .stab          0x0000192c      0x504 ./HAL/EEPROM/external_eeprom.o
                                0x510 (size before relaxing)
 .stab          0x00001e30      0x384 ./HAL/Buzzer/buzzer.o
                                0x390 (size before relaxing)
 .stab          0x000021b4      0x3e4 ./APP/app_functions.o
                                0x3f0 (size before relaxing)
 .stab          0x00002598      0x2c4 ./app.o
                                0x390 (size before relaxing)

.stabstr        0x00000000     0x189c
 *(.stabstr)
 .stabstr       0x00000000     0x189c ./MCAL/timers/timer.o

.stab.excl
 *(.stab.excl)

.stab.exclstr
 *(.stab.exclstr)

.stab.index
 *(.stab.index)

.stab.indexstr
 *(.stab.indexstr)

.comment
 *(.comment)

.debug
 *(.debug)

.line
 *(.line)

.debug_srcinfo
 *(.debug_srcinfo)

.debug_sfnames
 *(.debug_sfnames)

.debug_aranges
 *(.debug_aranges)

.debug_pubnames
 *(.debug_pubnames)

.debug_info
 *(.debug_info)
 *(.gnu.linkonce.wi.*)

.debug_abbrev
 *(.debug_abbrev)

.debug_line
 *(.debug_line)

.debug_frame
 *(.debug_frame)

.debug_str
 *(.debug_str)

.debug_loc
 *(.debug_loc)

.debug_macinfo
 *(.debug_macinfo)
OUTPUT(doorLockercontrol.elf elf32-avr)
LOAD linker stubs
